Archive member included to satisfy reference by file (symbol)

d:/bkeu/hala/10 2021.10/bin/../lib/gcc/arm-none-eabi/10.3.1/thumb/v7-m/nofp\libgcc.a(_aeabi_ldivmod.o)
                              Tools/OS/src/os_kernel.o (__aeabi_ldivmod)
d:/bkeu/hala/10 2021.10/bin/../lib/gcc/arm-none-eabi/10.3.1/thumb/v7-m/nofp\libgcc.a(_aeabi_uldivmod.o)
                              Tools/OS/src/os_kernel.o (__aeabi_uldivmod)
d:/bkeu/hala/10 2021.10/bin/../lib/gcc/arm-none-eabi/10.3.1/thumb/v7-m/nofp\libgcc.a(_udivmoddi4.o)
                              d:/bkeu/hala/10 2021.10/bin/../lib/gcc/arm-none-eabi/10.3.1/thumb/v7-m/nofp\libgcc.a(_aeabi_ldivmod.o) (__udivmoddi4)
d:/bkeu/hala/10 2021.10/bin/../lib/gcc/arm-none-eabi/10.3.1/thumb/v7-m/nofp\libgcc.a(_dvmd_tls.o)
                              d:/bkeu/hala/10 2021.10/bin/../lib/gcc/arm-none-eabi/10.3.1/thumb/v7-m/nofp\libgcc.a(_aeabi_ldivmod.o) (__aeabi_ldiv0)

Discarded input sections

 .text          0x00000000        0x0 Tools/main.o
 .data          0x00000000        0x0 Tools/main.o
 .bss           0x00000000        0x0 Tools/main.o
 .comment       0x00000000       0x4a Tools/main.o
 .text          0x00000000        0x0 Tools/app/App_Task.o
 .data          0x00000000        0x0 Tools/app/App_Task.o
 .bss           0x00000000        0x0 Tools/app/App_Task.o
 .comment       0x00000000       0x4a Tools/app/App_Task.o
 .text          0x00000000        0x0 Tools/OS/src/os_kernel.o
 .data          0x00000000        0x0 Tools/OS/src/os_kernel.o
 .bss           0x00000000        0x0 Tools/OS/src/os_kernel.o
 .text.ActivateTask
                0x00000000        0xc Tools/OS/src/os_kernel.o
 .text.SetRelAlarm
                0x00000000       0x88 Tools/OS/src/os_kernel.o
 .text.SetAbsAlarm
                0x00000000       0xa0 Tools/OS/src/os_kernel.o
 .text.ChainTask
                0x00000000       0x10 Tools/OS/src/os_kernel.o
 .text.ClearEvent
                0x00000000       0x24 Tools/OS/src/os_kernel.o
 .text.os_tick_handler
                0x00000000        0x4 Tools/OS/src/os_kernel.o
 .comment       0x00000000       0x4a Tools/OS/src/os_kernel.o
 .text          0x00000000        0x0 Tools/OS/src/os_port.o
 .data          0x00000000        0x0 Tools/OS/src/os_port.o
 .bss           0x00000000        0x0 Tools/OS/src/os_port.o
 .text.os_port_start_systick
                0x00000000       0x24 Tools/OS/src/os_port.o
 .text.os_task_exit
                0x00000000        0x4 Tools/OS/src/os_port.o
 .comment       0x00000000       0x4a Tools/OS/src/os_port.o
 .text          0x00000000        0x0 Tools/SPL/src/stm32f10x_gpio.o
 .data          0x00000000        0x0 Tools/SPL/src/stm32f10x_gpio.o
 .bss           0x00000000        0x0 Tools/SPL/src/stm32f10x_gpio.o
 .text.GPIO_DeInit
                0x00000000       0xdc Tools/SPL/src/stm32f10x_gpio.o
 .text.GPIO_AFIODeInit
                0x00000000       0x18 Tools/SPL/src/stm32f10x_gpio.o
 .text.GPIO_StructInit
                0x00000000       0x10 Tools/SPL/src/stm32f10x_gpio.o
 .text.GPIO_ReadInputData
                0x00000000        0x8 Tools/SPL/src/stm32f10x_gpio.o
 .text.GPIO_ReadOutputData
                0x00000000        0x8 Tools/SPL/src/stm32f10x_gpio.o
 .text.GPIO_ResetBits
                0x00000000        0x4 Tools/SPL/src/stm32f10x_gpio.o
 .text.GPIO_Write
                0x00000000        0x4 Tools/SPL/src/stm32f10x_gpio.o
 .text.GPIO_PinLockConfig
                0x00000000       0x10 Tools/SPL/src/stm32f10x_gpio.o
 .text.GPIO_EventOutputConfig
                0x00000000       0x1c Tools/SPL/src/stm32f10x_gpio.o
 .text.GPIO_EventOutputCmd
                0x00000000        0xc Tools/SPL/src/stm32f10x_gpio.o
 .text.GPIO_PinRemapConfig
                0x00000000       0x70 Tools/SPL/src/stm32f10x_gpio.o
 .text.GPIO_EXTILineConfig
                0x00000000       0x2c Tools/SPL/src/stm32f10x_gpio.o
 .text.GPIO_ETH_MediaInterfaceConfig
                0x00000000        0xc Tools/SPL/src/stm32f10x_gpio.o
 .comment       0x00000000       0x4a Tools/SPL/src/stm32f10x_gpio.o
 .text          0x00000000        0x0 Tools/SPL/src/stm32f10x_rcc.o
 .data          0x00000000        0x0 Tools/SPL/src/stm32f10x_rcc.o
 .bss           0x00000000        0x0 Tools/SPL/src/stm32f10x_rcc.o
 .text.RCC_DeInit
                0x00000000       0x40 Tools/SPL/src/stm32f10x_rcc.o
 .text.RCC_HSEConfig
                0x00000000       0x38 Tools/SPL/src/stm32f10x_rcc.o
 .text.RCC_WaitForHSEStartUp
                0x00000000       0x30 Tools/SPL/src/stm32f10x_rcc.o
 .text.RCC_AdjustHSICalibrationValue
                0x00000000       0x14 Tools/SPL/src/stm32f10x_rcc.o
 .text.RCC_HSICmd
                0x00000000        0xc Tools/SPL/src/stm32f10x_rcc.o
 .text.RCC_PLLConfig
                0x00000000       0x14 Tools/SPL/src/stm32f10x_rcc.o
 .text.RCC_PLLCmd
                0x00000000        0xc Tools/SPL/src/stm32f10x_rcc.o
 .text.RCC_SYSCLKConfig
                0x00000000       0x14 Tools/SPL/src/stm32f10x_rcc.o
 .text.RCC_GetSYSCLKSource
                0x00000000       0x10 Tools/SPL/src/stm32f10x_rcc.o
 .text.RCC_HCLKConfig
                0x00000000       0x14 Tools/SPL/src/stm32f10x_rcc.o
 .text.RCC_PCLK1Config
                0x00000000       0x14 Tools/SPL/src/stm32f10x_rcc.o
 .text.RCC_PCLK2Config
                0x00000000       0x14 Tools/SPL/src/stm32f10x_rcc.o
 .text.RCC_ITConfig
                0x00000000       0x18 Tools/SPL/src/stm32f10x_rcc.o
 .text.RCC_USBCLKConfig
                0x00000000        0xc Tools/SPL/src/stm32f10x_rcc.o
 .text.RCC_ADCCLKConfig
                0x00000000       0x14 Tools/SPL/src/stm32f10x_rcc.o
 .text.RCC_LSEConfig
                0x00000000       0x28 Tools/SPL/src/stm32f10x_rcc.o
 .text.RCC_LSICmd
                0x00000000        0xc Tools/SPL/src/stm32f10x_rcc.o
 .text.RCC_RTCCLKConfig
                0x00000000       0x10 Tools/SPL/src/stm32f10x_rcc.o
 .text.RCC_RTCCLKCmd
                0x00000000        0xc Tools/SPL/src/stm32f10x_rcc.o
 .text.RCC_AHBPeriphClockCmd
                0x00000000       0x18 Tools/SPL/src/stm32f10x_rcc.o
 .text.RCC_APB1PeriphClockCmd
                0x00000000       0x18 Tools/SPL/src/stm32f10x_rcc.o
 .text.RCC_APB2PeriphResetCmd
                0x00000000       0x18 Tools/SPL/src/stm32f10x_rcc.o
 .text.RCC_APB1PeriphResetCmd
                0x00000000       0x18 Tools/SPL/src/stm32f10x_rcc.o
 .text.RCC_BackupResetCmd
                0x00000000        0xc Tools/SPL/src/stm32f10x_rcc.o
 .text.RCC_ClockSecuritySystemCmd
                0x00000000        0xc Tools/SPL/src/stm32f10x_rcc.o
 .text.RCC_MCOConfig
                0x00000000        0xc Tools/SPL/src/stm32f10x_rcc.o
 .text.RCC_GetFlagStatus
                0x00000000       0x34 Tools/SPL/src/stm32f10x_rcc.o
 .text.RCC_ClearFlag
                0x00000000       0x10 Tools/SPL/src/stm32f10x_rcc.o
 .text.RCC_GetITStatus
                0x00000000       0x14 Tools/SPL/src/stm32f10x_rcc.o
 .text.RCC_ClearITPendingBit
                0x00000000        0xc Tools/SPL/src/stm32f10x_rcc.o
 .comment       0x00000000       0x4a Tools/SPL/src/stm32f10x_rcc.o
 .text          0x00000000        0x0 Tools/SPL/src/stm32f10x_usart.o
 .data          0x00000000        0x0 Tools/SPL/src/stm32f10x_usart.o
 .bss           0x00000000        0x0 Tools/SPL/src/stm32f10x_usart.o
 .text.USART_DeInit
                0x00000000       0xb0 Tools/SPL/src/stm32f10x_usart.o
 .text.USART_ClockInit
                0x00000000       0x28 Tools/SPL/src/stm32f10x_usart.o
 .text.USART_ClockStructInit
                0x00000000        0xc Tools/SPL/src/stm32f10x_usart.o
 .text.USART_ITConfig
                0x00000000       0x34 Tools/SPL/src/stm32f10x_usart.o
 .text.USART_DMACmd
                0x00000000       0x14 Tools/SPL/src/stm32f10x_usart.o
 .text.USART_SetAddress
                0x00000000       0x18 Tools/SPL/src/stm32f10x_usart.o
 .text.USART_WakeUpConfig
                0x00000000       0x18 Tools/SPL/src/stm32f10x_usart.o
 .text.USART_ReceiverWakeUpCmd
                0x00000000       0x1c Tools/SPL/src/stm32f10x_usart.o
 .text.USART_LINBreakDetectLengthConfig
                0x00000000       0x18 Tools/SPL/src/stm32f10x_usart.o
 .text.USART_LINCmd
                0x00000000       0x1c Tools/SPL/src/stm32f10x_usart.o
 .text.USART_ReceiveData
                0x00000000        0x8 Tools/SPL/src/stm32f10x_usart.o
 .text.USART_SendBreak
                0x00000000        0xc Tools/SPL/src/stm32f10x_usart.o
 .text.USART_SetGuardTime
                0x00000000       0x14 Tools/SPL/src/stm32f10x_usart.o
 .text.USART_SetPrescaler
                0x00000000       0x14 Tools/SPL/src/stm32f10x_usart.o
 .text.USART_SmartCardCmd
                0x00000000       0x1c Tools/SPL/src/stm32f10x_usart.o
 .text.USART_SmartCardNACKCmd
                0x00000000       0x1c Tools/SPL/src/stm32f10x_usart.o
 .text.USART_HalfDuplexCmd
                0x00000000       0x1c Tools/SPL/src/stm32f10x_usart.o
 .text.USART_OverSampling8Cmd
                0x00000000       0x1c Tools/SPL/src/stm32f10x_usart.o
 .text.USART_OneBitMethodCmd
                0x00000000       0x1c Tools/SPL/src/stm32f10x_usart.o
 .text.USART_IrDAConfig
                0x00000000       0x18 Tools/SPL/src/stm32f10x_usart.o
 .text.USART_IrDACmd
                0x00000000       0x1c Tools/SPL/src/stm32f10x_usart.o
 .text.USART_ClearFlag
                0x00000000        0x8 Tools/SPL/src/stm32f10x_usart.o
 .text.USART_GetITStatus
                0x00000000       0x44 Tools/SPL/src/stm32f10x_usart.o
 .text.USART_ClearITPendingBit
                0x00000000       0x10 Tools/SPL/src/stm32f10x_usart.o
 .comment       0x00000000       0x4a Tools/SPL/src/stm32f10x_usart.o
 .text          0x00000000        0x0 Tools/SPL/src/system_stm32f10x.o
 .data          0x00000000        0x0 Tools/SPL/src/system_stm32f10x.o
 .bss           0x00000000        0x0 Tools/SPL/src/system_stm32f10x.o
 .text.SystemCoreClockUpdate
                0x00000000       0x5c Tools/SPL/src/system_stm32f10x.o
 .data.AHBPrescTable
                0x00000000       0x10 Tools/SPL/src/system_stm32f10x.o
 .comment       0x00000000       0x4a Tools/SPL/src/system_stm32f10x.o
 .text          0x00000000        0x0 Tools/Startup/startup_stm32f103.o
 .data          0x00000000        0x0 Tools/Startup/startup_stm32f103.o
 .bss           0x00000000        0x0 Tools/Startup/startup_stm32f103.o
 .data          0x00000000        0x0 Tools/OS/src/os_port_asm.o
 .bss           0x00000000        0x0 Tools/OS/src/os_port_asm.o
 .text          0x00000000       0xa0 d:/bkeu/hala/10 2021.10/bin/../lib/gcc/arm-none-eabi/10.3.1/thumb/v7-m/nofp\libgcc.a(_aeabi_ldivmod.o)
 .data          0x00000000        0x0 d:/bkeu/hala/10 2021.10/bin/../lib/gcc/arm-none-eabi/10.3.1/thumb/v7-m/nofp\libgcc.a(_aeabi_ldivmod.o)
 .bss           0x00000000        0x0 d:/bkeu/hala/10 2021.10/bin/../lib/gcc/arm-none-eabi/10.3.1/thumb/v7-m/nofp\libgcc.a(_aeabi_ldivmod.o)
 .debug_frame   0x00000000       0x44 d:/bkeu/hala/10 2021.10/bin/../lib/gcc/arm-none-eabi/10.3.1/thumb/v7-m/nofp\libgcc.a(_aeabi_ldivmod.o)
 .ARM.attributes
                0x00000000       0x1d d:/bkeu/hala/10 2021.10/bin/../lib/gcc/arm-none-eabi/10.3.1/thumb/v7-m/nofp\libgcc.a(_aeabi_ldivmod.o)
 .text          0x00000000       0x30 d:/bkeu/hala/10 2021.10/bin/../lib/gcc/arm-none-eabi/10.3.1/thumb/v7-m/nofp\libgcc.a(_aeabi_uldivmod.o)
 .data          0x00000000        0x0 d:/bkeu/hala/10 2021.10/bin/../lib/gcc/arm-none-eabi/10.3.1/thumb/v7-m/nofp\libgcc.a(_aeabi_uldivmod.o)
 .bss           0x00000000        0x0 d:/bkeu/hala/10 2021.10/bin/../lib/gcc/arm-none-eabi/10.3.1/thumb/v7-m/nofp\libgcc.a(_aeabi_uldivmod.o)
 .debug_frame   0x00000000       0x2c d:/bkeu/hala/10 2021.10/bin/../lib/gcc/arm-none-eabi/10.3.1/thumb/v7-m/nofp\libgcc.a(_aeabi_uldivmod.o)
 .ARM.attributes
                0x00000000       0x1d d:/bkeu/hala/10 2021.10/bin/../lib/gcc/arm-none-eabi/10.3.1/thumb/v7-m/nofp\libgcc.a(_aeabi_uldivmod.o)
 .text          0x00000000      0x2d4 d:/bkeu/hala/10 2021.10/bin/../lib/gcc/arm-none-eabi/10.3.1/thumb/v7-m/nofp\libgcc.a(_udivmoddi4.o)
 .data          0x00000000        0x0 d:/bkeu/hala/10 2021.10/bin/../lib/gcc/arm-none-eabi/10.3.1/thumb/v7-m/nofp\libgcc.a(_udivmoddi4.o)
 .bss           0x00000000        0x0 d:/bkeu/hala/10 2021.10/bin/../lib/gcc/arm-none-eabi/10.3.1/thumb/v7-m/nofp\libgcc.a(_udivmoddi4.o)
 .ARM.extab     0x00000000        0x0 d:/bkeu/hala/10 2021.10/bin/../lib/gcc/arm-none-eabi/10.3.1/thumb/v7-m/nofp\libgcc.a(_udivmoddi4.o)
 .ARM.exidx     0x00000000        0x8 d:/bkeu/hala/10 2021.10/bin/../lib/gcc/arm-none-eabi/10.3.1/thumb/v7-m/nofp\libgcc.a(_udivmoddi4.o)
 .debug_frame   0x00000000       0x34 d:/bkeu/hala/10 2021.10/bin/../lib/gcc/arm-none-eabi/10.3.1/thumb/v7-m/nofp\libgcc.a(_udivmoddi4.o)
 .ARM.attributes
                0x00000000       0x2d d:/bkeu/hala/10 2021.10/bin/../lib/gcc/arm-none-eabi/10.3.1/thumb/v7-m/nofp\libgcc.a(_udivmoddi4.o)
 .text          0x00000000        0x4 d:/bkeu/hala/10 2021.10/bin/../lib/gcc/arm-none-eabi/10.3.1/thumb/v7-m/nofp\libgcc.a(_dvmd_tls.o)
 .data          0x00000000        0x0 d:/bkeu/hala/10 2021.10/bin/../lib/gcc/arm-none-eabi/10.3.1/thumb/v7-m/nofp\libgcc.a(_dvmd_tls.o)
 .bss           0x00000000        0x0 d:/bkeu/hala/10 2021.10/bin/../lib/gcc/arm-none-eabi/10.3.1/thumb/v7-m/nofp\libgcc.a(_dvmd_tls.o)
 .ARM.attributes
                0x00000000       0x1d d:/bkeu/hala/10 2021.10/bin/../lib/gcc/arm-none-eabi/10.3.1/thumb/v7-m/nofp\libgcc.a(_dvmd_tls.o)

Memory Configuration

Name             Origin             Length             Attributes
FLASH            0x08000000         0x00010000         xr
RAM              0x20000000         0x00005000         xrw
*default*        0x00000000         0xffffffff

Linker script and memory map

LOAD Tools/main.o
LOAD Tools/app/App_Task.o
LOAD Tools/OS/src/os_kernel.o
LOAD Tools/OS/src/os_port.o
LOAD Tools/SPL/src/stm32f10x_gpio.o
LOAD Tools/SPL/src/stm32f10x_rcc.o
LOAD Tools/SPL/src/stm32f10x_usart.o
LOAD Tools/SPL/src/system_stm32f10x.o
LOAD Tools/Startup/startup_stm32f103.o
LOAD Tools/OS/src/os_port_asm.o
START GROUP
LOAD d:/bkeu/hala/10 2021.10/bin/../lib/gcc/arm-none-eabi/10.3.1/../../../../arm-none-eabi/lib/thumb/v7-m/nofp\libc_nano.a
LOAD d:/bkeu/hala/10 2021.10/bin/../lib/gcc/arm-none-eabi/10.3.1/../../../../arm-none-eabi/lib/thumb/v7-m/nofp\libm.a
LOAD d:/bkeu/hala/10 2021.10/bin/../lib/gcc/arm-none-eabi/10.3.1/thumb/v7-m/nofp\libgcc.a
END GROUP
                0x20005000                _estack = (ORIGIN (RAM) + LENGTH (RAM))

.isr_vector     0x08000000       0x40
 *(.isr_vector)
 .isr_vector    0x08000000       0x40 Tools/Startup/startup_stm32f103.o

.text           0x08000040      0xbe6
 *(.text*)
 .text.startup.main
                0x08000040       0x10 Tools/main.o
                0x08000040                main
 .text.Task_Idle
                0x08000050        0x4 Tools/app/App_Task.o
                0x08000050                Task_Idle
 .text.Task_C   0x08000054       0x50 Tools/app/App_Task.o
                0x08000054                Task_C
 .text.Task_A   0x080000a4       0x2c Tools/app/App_Task.o
                0x080000a4                Task_A
 .text.Task_B   0x080000d0       0x50 Tools/app/App_Task.o
                0x080000d0                Task_B
 .text.Task_Init
                0x08000120       0xec Tools/app/App_Task.o
                0x08000120                Task_Init
 .text.schedule.part.0
                0x0800020c       0x84 Tools/OS/src/os_kernel.o
 .text.ActivateTask.part.0
                0x08000290       0xb4 Tools/OS/src/os_kernel.o
 .text.TerminateTask
                0x08000344       0x28 Tools/OS/src/os_kernel.o
                0x08000344                TerminateTask
 .text.WaitEvent
                0x0800036c       0x48 Tools/OS/src/os_kernel.o
                0x0800036c                WaitEvent
 .text.SetEvent
                0x080003b4       0x6c Tools/OS/src/os_kernel.o
                0x080003b4                SetEvent
 .text.os_on_tick
                0x08000420       0x9c Tools/OS/src/os_kernel.o
                0x08000420                os_on_tick
 .text.GetEvent
                0x080004bc       0x18 Tools/OS/src/os_kernel.o
                0x080004bc                GetEvent
 .text.OS_Init  0x080004d4      0x1bc Tools/OS/src/os_kernel.o
                0x080004d4                OS_Init
 .text.OS_Start
                0x08000690        0x4 Tools/OS/src/os_kernel.o
                0x08000690                OS_Start
 .text.SetUpAlarm
                0x08000694       0x6c Tools/OS/src/os_kernel.o
                0x08000694                SetUpAlarm
 .text.task_bootstrap_exit
                0x08000700        0x4 Tools/OS/src/os_port.o
 .text.os_port_init
                0x08000704       0x4c Tools/OS/src/os_port.o
                0x08000704                os_port_init
 .text.os_trigger_pendsv
                0x08000750       0x24 Tools/OS/src/os_port.o
                0x08000750                os_trigger_pendsv
 .text.os_task_stack_init
                0x08000774       0x54 Tools/OS/src/os_port.o
                0x08000774                os_task_stack_init
 .text.GPIO_Init
                0x080007c8       0xc4 Tools/SPL/src/stm32f10x_gpio.o
                0x080007c8                GPIO_Init
 .text.GPIO_ReadInputDataBit
                0x0800088c        0xc Tools/SPL/src/stm32f10x_gpio.o
                0x0800088c                GPIO_ReadInputDataBit
 .text.GPIO_ReadOutputDataBit
                0x08000898        0xc Tools/SPL/src/stm32f10x_gpio.o
                0x08000898                GPIO_ReadOutputDataBit
 .text.GPIO_SetBits
                0x080008a4        0x4 Tools/SPL/src/stm32f10x_gpio.o
                0x080008a4                GPIO_SetBits
 .text.GPIO_WriteBit
                0x080008a8        0xc Tools/SPL/src/stm32f10x_gpio.o
                0x080008a8                GPIO_WriteBit
 .text.RCC_GetClocksFreq
                0x080008b4       0x90 Tools/SPL/src/stm32f10x_rcc.o
                0x080008b4                RCC_GetClocksFreq
 .text.RCC_APB2PeriphClockCmd
                0x08000944       0x18 Tools/SPL/src/stm32f10x_rcc.o
                0x08000944                RCC_APB2PeriphClockCmd
 .text.USART_Init
                0x0800095c       0xb8 Tools/SPL/src/stm32f10x_usart.o
                0x0800095c                USART_Init
 .text.USART_StructInit
                0x08000a14       0x14 Tools/SPL/src/stm32f10x_usart.o
                0x08000a14                USART_StructInit
 .text.USART_Cmd
                0x08000a28       0x1c Tools/SPL/src/stm32f10x_usart.o
                0x08000a28                USART_Cmd
 .text.USART_SendData
                0x08000a44        0x8 Tools/SPL/src/stm32f10x_usart.o
                0x08000a44                USART_SendData
 .text.USART_GetFlagStatus
                0x08000a4c        0xc Tools/SPL/src/stm32f10x_usart.o
                0x08000a4c                USART_GetFlagStatus
 .text.SystemInit
                0x08000a58      0x100 Tools/SPL/src/system_stm32f10x.o
                0x08000a58                SystemInit
 .text.Default_Handler
                0x08000b58        0x4 Tools/Startup/startup_stm32f103.o
                0x08000b58                HardFault_Handler
                0x08000b58                NMI_Handler
                0x08000b58                UsageFault_Handler
                0x08000b58                Default_Handler
                0x08000b58                MemManage_Handler
                0x08000b58                BusFault_Handler
                0x08000b58                DebugMon_Handler
 .text.Reset_Handler
                0x08000b5c       0x40 Tools/Startup/startup_stm32f103.o
                0x08000b5c                Reset_Handler
 .text          0x08000b9c       0x68 Tools/OS/src/os_port_asm.o
                0x08000b9c                PendSV_Handler
                0x08000bd2                SysTick_Handler
                0x08000bde                SVC_Handler
 *(.rodata*)
 .rodata.Task_Init.str1.4
                0x08000c04       0x22 Tools/app/App_Task.o
                0x08000c26                _etext = .

.glue_7         0x08000c28        0x0
 .glue_7        0x08000c28        0x0 linker stubs

.glue_7t        0x08000c28        0x0
 .glue_7t       0x08000c28        0x0 linker stubs

.vfp11_veneer   0x08000c28        0x0
 .vfp11_veneer  0x08000c28        0x0 linker stubs

.v4_bx          0x08000c28        0x0
 .v4_bx         0x08000c28        0x0 linker stubs

.iplt           0x08000c28        0x0
 .iplt          0x08000c28        0x0 Tools/main.o

.rel.dyn        0x08000c28        0x0
 .rel.iplt      0x08000c28        0x0 Tools/main.o

.data           0x20000000       0x5c load address 0x08000c26
                0x08000c26                _sidata = LOADADDR (.data)
                0x20000000                _sdata = .
 *(.data*)
 .data.laststate.0
                0x20000000        0x1 Tools/app/App_Task.o
 *fill*         0x20000001        0x3 
 .data.Counter_tbl
                0x20000004       0x40 Tools/OS/src/os_kernel.o
                0x20000004                Counter_tbl
 .data.ADCPrescTable
                0x20000044        0x4 Tools/SPL/src/stm32f10x_rcc.o
 .data.APBAHBPrescTable
                0x20000048       0x10 Tools/SPL/src/stm32f10x_rcc.o
 .data.SystemCoreClock
                0x20000058        0x4 Tools/SPL/src/system_stm32f10x.o
                0x20000058                SystemCoreClock
                0x2000005c                _edata = .

.igot.plt       0x2000005c        0x0 load address 0x08000c84
 .igot.plt      0x2000005c        0x0 Tools/main.o

.bss            0x2000005c      0x8b9 load address 0x08000c84
                0x2000005c                _sbss = .
 *(.bss*)
 .bss.alarm_tbl
                0x2000005c       0x60 Tools/OS/src/os_kernel.o
 .bss.alarm_to_counter
                0x200000bc       0x10 Tools/OS/src/os_kernel.o
                0x200000bc                alarm_to_counter
 .bss.g_current
                0x200000cc        0x4 Tools/OS/src/os_kernel.o
                0x200000cc                g_current
 .bss.g_next    0x200000d0        0x4 Tools/OS/src/os_kernel.o
                0x200000d0                g_next
 .bss.g_stack_top
                0x200000d4       0x14 Tools/OS/src/os_kernel.o
 .bss.g_task_arg
                0x200000e8       0x14 Tools/OS/src/os_kernel.o
 .bss.g_task_entry
                0x200000fc       0x14 Tools/OS/src/os_kernel.o
 .bss.ready_q   0x20000110        0x5 Tools/OS/src/os_kernel.o
 .bss.rq_head   0x20000115        0x1 Tools/OS/src/os_kernel.o
 .bss.rq_tail   0x20000116        0x1 Tools/OS/src/os_kernel.o
 *fill*         0x20000117        0x1 
 .bss.s_tick    0x20000118        0x4 Tools/OS/src/os_kernel.o
 .bss.stack_a   0x2000011c      0x180 Tools/OS/src/os_kernel.o
 .bss.stack_b   0x2000029c      0x180 Tools/OS/src/os_kernel.o
 .bss.stack_c   0x2000041c      0x180 Tools/OS/src/os_kernel.o
 .bss.stack_idle
                0x2000059c      0x100 Tools/OS/src/os_kernel.o
 .bss.stack_init
                0x2000069c      0x200 Tools/OS/src/os_kernel.o
 .bss.tcb       0x2000089c       0x78 Tools/OS/src/os_kernel.o
 .bss.test      0x20000914        0x1 Tools/OS/src/os_kernel.o
                0x20000914                test
 *(COMMON)
                0x20000915                _ebss = .

/DISCARD/
 *(.note*)
 *(.comment*)
OUTPUT(Tools/os_test.elf elf32-littlearm)
LOAD linker stubs

.ARM.attributes
                0x00000000       0x2b
 .ARM.attributes
                0x00000000       0x2d Tools/main.o
 .ARM.attributes
                0x0000002d       0x2d Tools/app/App_Task.o
 .ARM.attributes
                0x0000005a       0x2d Tools/OS/src/os_kernel.o
 .ARM.attributes
                0x00000087       0x2d Tools/OS/src/os_port.o
 .ARM.attributes
                0x000000b4       0x2d Tools/SPL/src/stm32f10x_gpio.o
 .ARM.attributes
                0x000000e1       0x2d Tools/SPL/src/stm32f10x_rcc.o
 .ARM.attributes
                0x0000010e       0x2d Tools/SPL/src/stm32f10x_usart.o
 .ARM.attributes
                0x0000013b       0x2d Tools/SPL/src/system_stm32f10x.o
 .ARM.attributes
                0x00000168       0x21 Tools/Startup/startup_stm32f103.o
 .ARM.attributes
                0x00000189       0x21 Tools/OS/src/os_port_asm.o

.debug_info     0x00000000     0x4a08
 .debug_info    0x00000000       0xc6 Tools/main.o
 .debug_info    0x000000c6      0xa60 Tools/app/App_Task.o
 .debug_info    0x00000b26     0x1326 Tools/OS/src/os_kernel.o
 .debug_info    0x00001e4c      0x824 Tools/OS/src/os_port.o
 .debug_info    0x00002670      0x900 Tools/SPL/src/stm32f10x_gpio.o
 .debug_info    0x00002f70      0x9e8 Tools/SPL/src/stm32f10x_rcc.o
 .debug_info    0x00003958      0xbea Tools/SPL/src/stm32f10x_usart.o
 .debug_info    0x00004542      0x4c6 Tools/SPL/src/system_stm32f10x.o

.debug_abbrev   0x00000000     0x1325
 .debug_abbrev  0x00000000       0x66 Tools/main.o
 .debug_abbrev  0x00000066      0x2c9 Tools/app/App_Task.o
 .debug_abbrev  0x0000032f      0x4cf Tools/OS/src/os_kernel.o
 .debug_abbrev  0x000007fe      0x2d3 Tools/OS/src/os_port.o
 .debug_abbrev  0x00000ad1      0x233 Tools/SPL/src/stm32f10x_gpio.o
 .debug_abbrev  0x00000d04      0x27f Tools/SPL/src/stm32f10x_rcc.o
 .debug_abbrev  0x00000f83      0x1fa Tools/SPL/src/stm32f10x_usart.o
 .debug_abbrev  0x0000117d      0x1a8 Tools/SPL/src/system_stm32f10x.o

.debug_aranges  0x00000000      0x420
 .debug_aranges
                0x00000000       0x20 Tools/main.o
 .debug_aranges
                0x00000020       0x40 Tools/app/App_Task.o
 .debug_aranges
                0x00000060       0x98 Tools/OS/src/os_kernel.o
 .debug_aranges
                0x000000f8       0x40 Tools/OS/src/os_port.o
 .debug_aranges
                0x00000138       0xa8 Tools/SPL/src/stm32f10x_gpio.o
 .debug_aranges
                0x000001e0      0x118 Tools/SPL/src/stm32f10x_rcc.o
 .debug_aranges
                0x000002f8      0x100 Tools/SPL/src/stm32f10x_usart.o
 .debug_aranges
                0x000003f8       0x28 Tools/SPL/src/system_stm32f10x.o

.debug_ranges   0x00000000      0x7d0
 .debug_ranges  0x00000000       0x10 Tools/main.o
 .debug_ranges  0x00000010       0xd8 Tools/app/App_Task.o
 .debug_ranges  0x000000e8      0x330 Tools/OS/src/os_kernel.o
 .debug_ranges  0x00000418       0xa8 Tools/OS/src/os_port.o
 .debug_ranges  0x000004c0       0x98 Tools/SPL/src/stm32f10x_gpio.o
 .debug_ranges  0x00000558      0x128 Tools/SPL/src/stm32f10x_rcc.o
 .debug_ranges  0x00000680       0xf0 Tools/SPL/src/stm32f10x_usart.o
 .debug_ranges  0x00000770       0x60 Tools/SPL/src/system_stm32f10x.o

.debug_line     0x00000000     0x2cc0
 .debug_line    0x00000000       0x9f Tools/main.o
 .debug_line    0x0000009f      0x360 Tools/app/App_Task.o
 .debug_line    0x000003ff      0xbe2 Tools/OS/src/os_kernel.o
 .debug_line    0x00000fe1      0x332 Tools/OS/src/os_port.o
 .debug_line    0x00001313      0x669 Tools/SPL/src/stm32f10x_gpio.o
 .debug_line    0x0000197c      0x874 Tools/SPL/src/stm32f10x_rcc.o
 .debug_line    0x000021f0      0x800 Tools/SPL/src/stm32f10x_usart.o
 .debug_line    0x000029f0      0x2d0 Tools/SPL/src/system_stm32f10x.o

.debug_str      0x00000000     0x1651
 .debug_str     0x00000000      0x140 Tools/main.o
                                0x174 (size before relaxing)
 .debug_str     0x00000140      0x41b Tools/app/App_Task.o
                                0x57d (size before relaxing)
 .debug_str     0x0000055b      0x336 Tools/OS/src/os_kernel.o
                                0x555 (size before relaxing)
 .debug_str     0x00000891      0x414 Tools/OS/src/os_port.o
                                0x5fe (size before relaxing)
 .debug_str     0x00000ca5      0x209 Tools/SPL/src/stm32f10x_gpio.o
                                0x513 (size before relaxing)
 .debug_str     0x00000eae      0x3fb Tools/SPL/src/stm32f10x_rcc.o
                                0x5fd (size before relaxing)
 .debug_str     0x000012a9      0x337 Tools/SPL/src/stm32f10x_usart.o
                                0x6b3 (size before relaxing)
 .debug_str     0x000015e0       0x71 Tools/SPL/src/system_stm32f10x.o
                                0x2d3 (size before relaxing)

.debug_frame    0x00000000      0x95c
 .debug_frame   0x00000000       0x28 Tools/main.o
 .debug_frame   0x00000028       0xb8 Tools/app/App_Task.o
 .debug_frame   0x000000e0      0x1c4 Tools/OS/src/os_kernel.o
 .debug_frame   0x000002a4       0x98 Tools/OS/src/os_port.o
 .debug_frame   0x0000033c      0x194 Tools/SPL/src/stm32f10x_gpio.o
 .debug_frame   0x000004d0      0x224 Tools/SPL/src/stm32f10x_rcc.o
 .debug_frame   0x000006f4      0x224 Tools/SPL/src/stm32f10x_usart.o
 .debug_frame   0x00000918       0x44 Tools/SPL/src/system_stm32f10x.o

.debug_loc      0x00000000     0x2635
 .debug_loc     0x00000000      0x154 Tools/app/App_Task.o
 .debug_loc     0x00000154      0xc24 Tools/OS/src/os_kernel.o
 .debug_loc     0x00000d78      0x21f Tools/OS/src/os_port.o
 .debug_loc     0x00000f97      0x640 Tools/SPL/src/stm32f10x_gpio.o
 .debug_loc     0x000015d7      0x6fb Tools/SPL/src/stm32f10x_rcc.o
 .debug_loc     0x00001cd2      0x88d Tools/SPL/src/stm32f10x_usart.o
 .debug_loc     0x0000255f       0xd6 Tools/SPL/src/system_stm32f10x.o
